[zdzbxr.epub360.cn/v2/manage/book/nwxmf0/index.html]
[backblue.gif]
[fade.gif]
[index.html]
[cdn1.zhizhucms.com/book/covermini/7b94efa8470e71046b8315d9773e2a71_256.png_; filename_=utf-8''7b94efa8470e71046b8315d9773e2a71_256.png]
[v2static.epub360.com/diazo/epub360player/authorization/authorization.6283601d.cache.js]
[v2static.epub360.com/thirdparty/script/script.min.js]
[v2static.epub360.com/thirdparty/animate/animate.min.css]
[v2static.epub360.com/diazo/epub360player/uasdk-1.0.5.min.js]
[v2static.epub360.com/diazo/player-dist/mobileview.built.f1221fec.cache.css]
[zdzbxr.epub360.cn/v2/manage/book/nwxmf0/GET]
[unpkg.creatby.com/vconsole@3.11.2/dist/vconsole.min.js]
[v2static.epub360.com/diazo/epub360player/google-fonts.css]
[v2static.epub360.com/diazo/images/logo.jpg]
[qty83k.creatby.com/materials/origin/c32f934148c94e8744700d032a06b426_origin.png_; filename_=utf-8''c32f934148c94e8744700d032a06b426_origin.png]
[v2static.epub360.com/diazo/epub360player/player.33807c1b.cache.js]
[res.wx.qq.com/open/js/jweixin-1.6.0.js]
[js.epub360.com/nwxmf0/56/index.js]
[zdzbxr.epub360.cn/v2/manage/book/nwxmf0/index.html]
[v2static.epub360.com/diazo/epub360player/weixin.a6c2a28b.cache.js]
[v2static.epub360.com/thirdparty/animate/animate.min.css]
[v2static.epub360.com/diazo/player-dist/7ad17c6085dee9a33787bac28fb23d46.eot]
[v2static.epub360.com/diazo/epub360player/jquery-1.min.js]
[v2static.epub360.com/diazo/player-dist/68ed1dac06bf0409c18ae7bc62889170.woff]
[v2static.epub360.com/diazo/player-dist/7ad17c6085dee9a33787bac28fb23d46d41d.eot]
[v2static.epub360.com/diazo/player-dist/e49d52e74b7689a0727def99da31f3eb.ttf]
[v2static.epub360.com/diazo/player-dist/7149833697a959306ec3012a8588dcfa.eot]
[v2static.epub360.com/diazo/player-dist/d95d6f5d5ab7cfefd09651800b69bd54.woff]
[v2static.epub360.com/diazo/player-dist/7149833697a959306ec3012a8588dcfad41d.eot]
[v2static.epub360.com/diazo/player-dist/c4668ed2440df82d3fd2f8be9d31d07d.ttf]
[v2static.epub360.com/diazo/player-dist/2516339970d710819585f90773aebe0a.png]
[v2static.epub360.com/diazo/player-dist/63f874d192fb3892d88d5e26f942b5e2.TTF]
[v2static.epub360.com/diazo/player-dist/1467e2d37ec60cc50117a8db7c24f626.TTF]
[v2static.epub360.com/diazo/player-dist/mobileview.built.d5e6159f.cache.js]
[v2static.epub360.com/diazo/player-dist/touchview.built.49760833.cache.js]
[v2static.epub360.com/diazo/player-dist/8e8e625f12e45ecc674f9579c4547351.TTF]
[v2static.epub360.com/diazo/player-dist/223f224650510797e0f06233d2a0f97b.TTF]
[v2static.epub360.com/diazo/player-dist/3066b11123e63381b8e2aa554b18bf32.TTF]
[v2static.epub360.com/diazo/player-dist/mobileview.built.f1221fec.cache.css]
[zdzbxr.epub360.cn/v2/manage/book/nwxmf0/GET.html]
[js.epub360.com/nwxmf0/56/global_fonts.css]
[v2static.epub360.com/diazo/epub360player/google-fonts.css]
[js.epub360.com/nwxmf0/56/index.js]
[res.wx.qq.com/open/js/jweixin-1.6.0.js]
[v2static.epub360.com/diazo/player-dist/32941d6330044744c02493835b799e90.svg]
[v2static.epub360.com/diazo/player-dist/65bcbc899f379216109acd0b6c494618.svg]
